smielke@Galadriel private-timeline % yo node-webkit

     _-----_
    |       |
    |--(o)--|   .--------------------------.
   `---------´  |    Welcome to Yeoman,    |
    ( _´U`_ )   |   ladies and gentlemen!  |
    /___A___\   '__________________________'
     |  ~  |
   __'.___.'__
 ´   `  |° ´ Y `

? What do you want to call your app? Allowed characters ^[a-zA-Z0-9]+$ privateTimeline
? A little description for your app? A private timeline, reading your Day One entries.
? Would you mind telling me your username on GitHub? smielke
? Do you want to install one of the node-webkit examples? Yes
     info Get GitHub informations
✔ Github informations successfully retrieved.
     info Getting list of available examples.
? Which example do you want to install? file-explorer
   invoke   node-webkit:download
? Do you want to download node-webkit? No
     info     Creating folder structure for node-webkit source.
✔ Created: "resources/node-webkit"
✔ Created: "tmp"
     info Downloading node-webkit examples
     info Unzip examples.
✔ Examples successfully unzipped
   create .editorconfig
   create .jshintrc
   create .gitignore
   create bower.json
   create resources/mac/dmgStyler.applescript
   create resources/mac/package.sh
   create resources/mac/background.png
   create package.json
   create Gruntfile.js
   create resources/mac/Info.plist.tmp
   create resources/mac/Info.plist


I'm all done. Running bower install & npm install for you to install the required dependencies. If this fails, try running the command yourself.


npm WARN package.json privatetimeline@0.0.0 No description
npm WARN package.json privatetimeline@0.0.0 No README data
npm WARN deprecated deflate-crc32-stream@0.1.2: module has been merged into crc32-stream
grunt-contrib-copy@0.5.0 node_modules/grunt-contrib-copy

grunt-contrib-rename@0.0.3 node_modules/grunt-contrib-rename

grunt-contrib-clean@0.6.0 node_modules/grunt-contrib-clean
└── rimraf@2.2.8

concat-files@0.1.0 node_modules/concat-files
└── async@0.2.10

time-grunt@0.4.0 node_modules/time-grunt
├── date-time@0.1.1
├── figures@1.3.5
├── text-table@0.2.0
├── hooker@0.2.3
├── pretty-ms@0.2.2 (parse-ms@0.1.2)
└── chalk@0.5.1 (escape-string-regexp@1.0.2, ansi-styles@1.1.0, supports-color@0.2.0, has-ansi@0.1.0, strip-ansi@0.3.0)

grunt-contrib-concat@0.5.0 node_modules/grunt-contrib-concat
├── source-map@0.1.43 (amdefine@0.1.0)
└── chalk@0.5.1 (escape-string-regexp@1.0.2, ansi-styles@1.1.0, supports-color@0.2.0, has-ansi@0.1.0, strip-ansi@0.3.0)

load-grunt-tasks@0.6.0 node_modules/load-grunt-tasks
├── multimatch@0.3.0 (array-differ@0.1.0, array-union@0.1.0, minimatch@0.3.0)
└── findup-sync@0.1.3 (lodash@2.4.1, glob@3.2.11)

grunt@0.4.5 node_modules/grunt
├── which@1.0.8
├── dateformat@1.0.2-1.2.3
├── eventemitter2@0.4.14
├── getobject@0.1.0
├── rimraf@2.2.8
├── colors@0.6.2
├── async@0.1.22
├── hooker@0.2.3
├── grunt-legacy-util@0.2.0
├── exit@0.1.2
├── lodash@0.9.2
├── coffee-script@1.3.3
├── nopt@1.0.10 (abbrev@1.0.5)
├── underscore.string@2.2.1
├── glob@3.1.21 (inherits@1.0.0, graceful-fs@1.2.3)
├── minimatch@0.2.14 (sigmund@1.0.0, lru-cache@2.5.0)
├── iconv-lite@0.2.11
├── findup-sync@0.1.3 (glob@3.2.11, lodash@2.4.1)
├── grunt-legacy-log@0.1.1 (underscore.string@2.3.3, lodash@2.4.1)
└── js-yaml@2.0.5 (esprima@1.0.4, argparse@0.1.16)

grunt-contrib-jshint@0.10.0 node_modules/grunt-contrib-jshint
├── hooker@0.2.3
└── jshint@2.5.11 (strip-json-comments@1.0.2, underscore@1.6.0, exit@0.1.2, minimatch@1.0.0, shelljs@0.3.0, cli@0.6.5, console-browserify@1.1.0, htmlparser2@3.8.2)

grunt-contrib-compress@0.10.0 node_modules/grunt-contrib-compress
├── prettysize@0.0.3
└── archiver@0.9.1 (buffer-crc32@0.2.5, lazystream@0.1.0, lodash@2.4.1, readable-stream@1.0.33, file-utils@0.1.5, tar-stream@0.3.3, zip-stream@0.3.7)
smielke@Galadriel private-timeline % mkdir -p resources/node-webkit/MacOS64/
smielke@Galadriel private-timeline % cp -R /Users/smielke/Downloads/node-webkit-v0.11.6-osx-x64/node-webkit.app resources/node-webkit/MacOS64/
smielke@Galadriel private-timeline % grunt dist-mac --force
Running "jshint:files" (jshint) task

   app/js/jquery-1.7.2.js
     19 |var document = window.document,
         ^ Missing "use strict" statement.
     71 |        return ( letter + "" ).toUpperCase();
                                     ^ Strings must use singlequote.
    115 |        if ( selector === "body" && !context && document.body ) {
                                         ^ Strings must use singlequote.
    124 |        if ( typeof selector === "string" ) {
                                                  ^ Strings must use singlequote.
    126 |            if ( selector.charAt(0) === "<" && selector.charAt( selector.length - 1 ) === ">" && selector.length >= 3 ) {
                                                    ^ Strings must use singlequote.
    126 |            if ( selector.charAt(0) === "<" && selector.charAt( selector.length - 1 ) === ">" && selector.length >= 3 ) {
                                                                                                      ^ Strings must use singlequote.
    210 |    selector: "",
                         ^ Strings must use singlequote.
    213 |    jquery: "1.7.2",
                            ^ Strings must use singlequote.
    230 |        return num == null ?
                              ^ Expected '===' and instead saw '=='.
    257 |        if ( name === "find" ) {
                                     ^ Strings must use singlequote.
    258 |            ret.selector = this.selector + ( this.selector ? " " : "" ) + selector;
                                                                         ^ Strings must use singlequote.
    258 |            ret.selector = this.selector + ( this.selector ? " " : "" ) + selector;
                                                                              ^ Strings must use singlequote.
    260 |            ret.selector = this.selector + "." + name + "(" + selector + ")";
                                                       ^ Strings must use singlequote.
    260 |            ret.selector = this.selector + "." + name + "(" + selector + ")";
                                                                    ^ Strings must use singlequote.
    260 |            ret.selector = this.selector + "." + name + "(" + selector + ")";
                                                                                     ^ Strings must use singlequote.
    301 |            "slice", slice.call(arguments).join(",") );
                            ^ Strings must use singlequote.
    301 |            "slice", slice.call(arguments).join(",") );
                                                            ^ Strings must use singlequote.
    332 |    if ( typeof target === "boolean" ) {
                                             ^ Strings must use singlequote.
    340 |    if ( typeof target !== "object" && !jQuery.isFunction(target) ) {
                                            ^ Strings must use singlequote.
    352 |        if ( (options = arguments[ i ]) != null ) {
                                                   ^ Expected '!==' and instead saw '!='.
    439 |                jQuery( document ).trigger( "ready" ).off( "ready" );
                                                            ^ Strings must use singlequote.
    439 |                jQuery( document ).trigger( "ready" ).off( "ready" );
                                                                           ^ Strings must use singlequote.
    449 |        readyList = jQuery.Callbacks( "once memory" );
                                                            ^ Strings must use singlequote.
    453 |        if ( document.readyState === "complete" ) {
                                                        ^ Strings must use singlequote.
    461 |            document.addEventListener( "DOMContentLoaded", DOMContentLoaded, false );
                                                                  ^ Strings must use singlequote.
    464 |            window.addEventListener( "load", jQuery.ready, false );
                                                    ^ Strings must use singlequote.
    470 |            document.attachEvent( "onreadystatechange", DOMContentLoaded );
                                                               ^ Strings must use singlequote.
    473 |            window.attachEvent( "onload", jQuery.ready );
                                                 ^ Strings must use singlequote.
    480 |                toplevel = window.frameElement == null;
                                                          ^ Expected '===' and instead saw '=='.
    493 |        return jQuery.type(obj) === "function";
                                                       ^ Strings must use singlequote.
    497 |        return jQuery.type(obj) === "array";
                                                    ^ Strings must use singlequote.
    501 |        return obj != null && obj == obj.window;
                              ^ Expected '!==' and instead saw '!='.
    501 |        return obj != null && obj == obj.window;
                                             ^ Expected '===' and instead saw '=='.
    509 |        return obj == null ?
                              ^ Expected '===' and instead saw '=='.
    511 |            class2type[ toString.call(obj) ] || "object";
                                                                 ^ Strings must use singlequote.
    518 |        if ( !obj || jQuery.type(obj) !== "object" || obj.nodeType || jQuery.isWindow( obj ) ) {
                                                           ^ Strings must use singlequote.
    525 |                !hasOwn.call(obj, "constructor") &&
                                                        ^ Strings must use singlequote.
    526 |                !hasOwn.call(obj.constructor.prototype, "isPrototypeOf") ) {
                                                                                ^ Strings must use singlequote.
    555 |        if ( typeof data !== "string" || !data ) {
                                              ^ Strings must use singlequote.
    569 |        if ( rvalidchars.test( data.replace( rvalidescape, "@" )
                                                                       ^ Strings must use singlequote.
    570 |            .replace( rvalidtokens, "]" )
                                                ^ Strings must use singlequote.
    571 |            .replace( rvalidbraces, "")) ) {
                                               ^ Strings must use singlequote.
    573 |            return ( new Function( "return " + data ) )();
                                          ^ The Function constructor is a form of eval.
    573 |            return ( new Function( "return " + data ) )();
                                                     ^ Strings must use singlequote.
    576 |        jQuery.error( "Invalid JSON: " + data );
                                               ^ Strings must use singlequote.
    581 |        if ( typeof data !== "string" || !data ) {
                                              ^ Strings must use singlequote.
    588 |                xml = tmp.parseFromString( data , "text/xml" );
                                                                     ^ Strings must use singlequote.
    590 |                xml = new ActiveXObject( "Microsoft.XMLDOM" );
                                                                    ^ Strings must use singlequote.
    591 |                xml.async = "false";
                                            ^ Strings must use singlequote.
    597 |        if ( !xml || !xml.documentElement || xml.getElementsByTagName( "parsererror" ).length ) {
                                                                                             ^ Strings must use singlequote.
>> Too many errors. (6% scanned).

>> 51 errors in 1 file
Warning: Task "jshint:files" failed. Used --force, continuing.

Running "clean:distMac64" (clean) task
>> 2 paths cleaned.

Running "copy:webkit64" (copy) task
Created 36 directories, copied 144 files

Running "copy:appMacos64" (copy) task
Created 455 directories, copied 1536 files

Running "rename:macApp64" (rename) task
Renaming Directory dist/MacOS64/node-webkit.app -> dist/MacOS64/privateTimeline.app

Running "chmod64" task

Done, but with warnings.


Execution Time (2015-02-03 21:06:01 UTC)
loading tasks    301ms  ▇▇▇▇▇▇▇▇▇▇▇▇▇▇▇▇▇▇ 12%
jshint:files     102ms  ▇▇▇▇▇▇▇ 4%
clean:distMac64  215ms  ▇▇▇▇▇▇▇▇▇▇▇▇▇ 9%
copy:webkit64    423ms  ▇▇▇▇▇▇▇▇▇▇▇▇▇▇▇▇▇▇▇▇▇▇▇▇▇▇ 17%
copy:appMacos64   1.4s  ▇▇▇▇▇▇▇▇▇▇▇▇▇▇▇▇▇▇▇▇▇▇▇▇▇▇▇▇▇▇▇▇▇▇▇▇▇▇▇▇▇▇▇▇▇▇▇▇▇▇▇▇▇▇▇▇▇▇▇▇▇▇▇▇▇▇▇▇▇▇▇▇▇▇▇▇▇▇▇▇▇▇▇▇ 57%
Total 2.5s
smielke@Galadriel private-timeline % dist/MacOS64/privateTimeline.app/Contents/MacOS/node-webkit